2026-09-27 20:48:29.066 [info] [main] Log level: Info
2026-09-27 20:48:29.067 [info] [main] Validating found git in: "git"
2026-09-27 20:48:29.067 [info] [main] Using git "2.43.0" from "git"
2026-09-27 20:48:29.067 [info] [Model][doInitialScan] Initial repository scan started
2026-09-27 20:48:29.067 [info] > git rev-parse --show-toplevel [12758ms]
2026-09-27 20:48:29.067 [info] fatal: not a git repository (or any of the parent directories): .git
2026-09-27 20:48:29.067 [info] > git rev-parse --show-toplevel [787ms]
2026-09-27 20:48:29.067 [info] fatal: not a git repository (or any of the parent directories): .git
2026-09-27 20:48:29.349 [info] > git rev-parse --show-toplevel [1500ms]
2026-09-27 20:48:29.349 [info] fatal: not a git repository (or any of the parent directories): .git
2026-09-27 20:48:31.955 [info] > git rev-parse --show-toplevel [35ms]
2026-09-27 20:48:31.955 [info] fatal: not a git repository (or any of the parent directories): .git
2026-09-27 20:48:32.124 [info] > git rev-parse --show-toplevel [32ms]
2026-09-27 20:48:32.124 [info] fatal: not a git repository (or any of the parent directories): .git
2026-09-27 20:48:32.279 [info] > git rev-parse --show-toplevel [54ms]
2026-09-27 20:48:32.280 [info] fatal: not a git repository (or any of the parent directories): .git
2026-09-27 20:48:32.553 [info] > git rev-parse --show-toplevel [137ms]
2026-09-27 20:48:32.553 [info] fatal: not a git repository (or any of the parent directories): .git
2026-09-27 20:48:32.706 [info] > git rev-parse --show-toplevel [42ms]
2026-09-27 20:48:32.706 [info] fatal: not a git repository (or any of the parent directories): .git
2026-09-27 20:48:33.746 [info] > git rev-parse --show-toplevel [943ms]
2026-09-27 20:48:33.746 [info] fatal: not a git repository (or any of the parent directories): .git
2026-09-27 20:48:33.872 [info] > git rev-parse --show-toplevel [20ms]
2026-09-27 20:48:33.872 [info] fatal: not a git repository (or any of the parent directories): .git
2026-09-27 20:48:34.092 [info] > git rev-parse --show-toplevel [56ms]
2026-09-27 20:48:34.092 [info] fatal: not a git repository (or any of the parent directories): .git
2026-09-27 20:48:34.265 [info] > git rev-parse --show-toplevel [28ms]
2026-09-27 20:48:34.265 [info] fatal: not a git repository (or any of the parent directories): .git
2026-09-27 20:48:34.433 [info] > git rev-parse --show-toplevel [45ms]
2026-09-27 20:48:34.433 [info] fatal: not a git repository (or any of the parent directories): .git
2026-09-27 20:48:34.471 [info] [Model][doInitialScan] Initial repository scan completed - repositories (0), closed repositories (0), parent repositories (0), unsafe repositories (0)
2026-09-27 20:48:45.560 [info] > git rev-parse --show-toplevel [13ms]
2026-09-27 20:48:45.560 [info] fatal: not a git repository (or any of the parent directories): .git
2026-09-27 20:48:59.010 [info] > git init -b main [946ms]
2026-09-27 20:48:59.011 [info] warning: re-init: ignored --initial-branch=main
2026-09-27 20:48:59.019 [info] > git init -b main [1106ms]
2026-09-27 20:48:59.509 [info] > git rev-parse --show-toplevel [273ms]
2026-09-27 20:49:01.797 [info] > git rev-parse --git-dir --git-common-dir --show-superproject-working-tree [404ms]
2026-09-27 20:49:08.289 [info] > git init -b main [343ms]
2026-09-27 20:49:08.289 [info] warning: re-init: ignored --initial-branch=main
2026-09-27 20:49:30.271 [info] [Model][openRepository] Opened repository (path): /home/muhammed-amazil/code/jarvismark40
2026-09-27 20:49:30.272 [info] [Model][openRepository] Opened repository (real path): /home/muhammed-amazil/code/jarvismark40
2026-09-27 20:49:30.272 [info] [Model][openRepository] Opened repository (kind): repository
2026-09-27 20:49:33.515 [info] > git init -b main [968ms]
2026-09-27 20:49:33.515 [info] warning: re-init: ignored --initial-branch=main
2026-09-27 20:49:33.523 [info] > git init -b main [1125ms]
2026-09-27 20:49:33.523 [info] warning: re-init: ignored --initial-branch=main
2026-09-27 20:49:33.546 [info] > git init -b main [1280ms]
2026-09-27 20:49:33.547 [info] warning: re-init: ignored --initial-branch=main
2026-09-27 20:49:33.556 [info] > git init -b main [1459ms]
2026-09-27 20:49:33.556 [info] warning: re-init: ignored --initial-branch=main
2026-09-27 20:49:33.584 [info] > git init -b main [1631ms]
2026-09-27 20:49:33.585 [info] warning: re-init: ignored --initial-branch=main
2026-09-27 20:49:33.593 [info] > git init -b main [1766ms]
2026-09-27 20:49:33.593 [info] warning: re-init: ignored --initial-branch=main
2026-09-27 20:49:33.600 [info] > git init -b main [1916ms]
2026-09-27 20:49:33.600 [info] warning: re-init: ignored --initial-branch=main
2026-09-27 20:49:33.618 [info] > git init -b main [2083ms]
2026-09-27 20:49:33.619 [info] warning: re-init: ignored --initial-branch=main
2026-09-27 20:49:33.656 [info] > git init -b main [2266ms]
2026-09-27 20:49:33.660 [info] warning: re-init: ignored --initial-branch=main
2026-09-27 20:49:33.671 [info] > git init -b main [2410ms]
2026-09-27 20:49:33.671 [info] warning: re-init: ignored --initial-branch=main
2026-09-27 20:49:33.690 [info] > git init -b main [2561ms]
2026-09-27 20:49:33.690 [info] warning: re-init: ignored --initial-branch=main
2026-09-27 20:49:33.705 [info] > git init -b main [2715ms]
2026-09-27 20:49:33.705 [info] warning: re-init: ignored --initial-branch=main
2026-09-27 20:49:33.717 [info] > git init -b main [2939ms]
2026-09-27 20:49:33.717 [info] warning: re-init: ignored --initial-branch=main
2026-09-27 20:49:33.773 [info] > git config --get --local core.virtualfilesystem [3293ms]
2026-09-27 20:49:33.774 [warning] [Git][config] git config failed: Failed to execute git
2026-09-27 20:49:36.217 [info] > git config --get commit.template [2762ms]
2026-09-27 20:49:43.783 [info] [Git][getRemotes] No remotes found in the git config file
2026-09-27 20:49:44.806 [info] > git for-each-ref --format=%(refname)%00%(upstream:short)%00%(objectname)%00%(upstream:track)%00%(upstream:remotename)%00%(upstream:remoteref) refs/heads/main refs/remotes/main [1039ms]
2026-09-27 20:49:44.808 [warning] [Git][getBranch] No such branch: main
2026-09-27 20:49:45.320 [info] > git status -z -uall [379ms]
2026-09-27 20:49:45.435 [info] > git for-each-ref --sort -committerdate --format %(refname)%00%(objectname)%00%(*objectname) [252ms]
2026-09-27 20:49:50.042 [info] > git for-each-ref --format=%(refname)%00%(upstream:short)%00%(objectname)%00%(upstream:track)%00%(upstream:remotename)%00%(upstream:remoteref) refs/heads/main refs/remotes/main [3783ms]
2026-09-27 20:49:50.043 [warning] [Git][getBranch] No such branch: main
2026-09-27 20:49:50.048 [error] [GitHistoryProvider][resolveHEADMergeBase] Failed to resolve merge base for main: Error: No such branch: main.
2026-09-27 20:49:50.894 [info] > git config --get commit.template [940ms]
2026-09-27 20:49:51.212 [info] [Git][getRemotes] No remotes found in the git config file
2026-09-27 20:49:53.293 [info] > git check-ignore -v -z --stdin [110ms]
2026-09-27 20:49:53.337 [info] > git for-each-ref --format=%(refname)%00%(upstream:short)%00%(objectname)%00%(upstream:track)%00%(upstream:remotename)%00%(upstream:remoteref) refs/heads/main refs/remotes/main [2135ms]
2026-09-27 20:49:53.338 [warning] [Git][getBranch] No such branch: main
2026-09-27 20:49:53.824 [info] > git status -z -uall [342ms]
2026-09-27 20:49:53.830 [info] > git for-each-ref --sort -committerdate --format %(refname)%00%(objectname)%00%(*objectname) [81ms]
2026-09-27 20:50:07.900 [info] > git check-ignore -v -z --stdin [16ms]
2026-09-27 20:50:08.704 [info] > git log --format=%H%n%aN%n%aE%n%at%n%ct%n%P%n%D%n%B -z --shortstat --diff-merges=first-parent -n50 --skip=0 --topo-order --decorate=full --stdin [37ms]
2026-09-27 20:50:08.704 [info] fatal: bad revision 'refs/heads/main'
2026-09-27 20:50:08.711 [error] [GitHistoryProvider][provideHistoryItems] Failed to get history items with options '{"historyItemRefs":["refs/heads/main"],"limit":50,"skip":0}': Failed to execute git {
  "exitCode": 128,
  "gitCommand": "log",
  "stdout": "",
  "stderr": "fatal: bad revision 'refs/heads/main'\n"
}
2026-09-27 20:50:26.690 [info] > git log --format=%H%n%aN%n%aE%n%at%n%ct%n%P%n%D%n%B -z --shortstat --diff-merges=first-parent -n50 --skip=0 --topo-order --decorate=full --stdin [465ms]
2026-09-27 20:50:26.691 [info] fatal: bad revision 'refs/heads/main'
2026-09-27 20:50:26.737 [error] [GitHistoryProvider][provideHistoryItems] Failed to get history items with options '{"historyItemRefs":["refs/heads/main"],"limit":50,"skip":0}': Failed to execute git {
  "exitCode": 128,
  "gitCommand": "log",
  "stdout": "",
  "stderr": "fatal: bad revision 'refs/heads/main'\n"
}
2026-09-27 20:50:27.386 [info] > git check-ignore -v -z --stdin [86ms]
2026-09-27 20:50:28.161 [info] > git config --get commit.template [381ms]
2026-09-27 20:50:28.582 [info] [Git][getRemotes] No remotes found in the git config file
2026-09-27 20:50:31.406 [info] > git for-each-ref --format=%(refname)%00%(upstream:short)%00%(objectname)%00%(upstream:track)%00%(upstream:remotename)%00%(upstream:remoteref) refs/heads/main refs/remotes/main [2831ms]
2026-09-27 20:50:31.407 [warning] [Git][getBranch] No such branch: main
2026-09-27 20:50:34.144 [info] > git status -z -uall [2028ms]
2026-09-27 20:50:34.145 [info] > git for-each-ref --sort -committerdate --format %(refname)%00%(objectname)%00%(*objectname) [1635ms]
2026-09-27 20:50:52.030 [info] > git check-ignore -v -z --stdin [197ms]
2026-09-27 20:50:58.654 [info] > git config --get commit.template [18ms]
2026-09-27 20:50:58.812 [info] [Git][getRemotes] No remotes found in the git config file
2026-09-27 20:50:58.834 [info] > git for-each-ref --format=%(refname)%00%(upstream:short)%00%(objectname)%00%(upstream:track)%00%(upstream:remotename)%00%(upstream:remoteref) refs/heads/main refs/remotes/main [31ms]
2026-09-27 20:50:58.835 [warning] [Git][getBranch] No such branch: main
2026-09-27 20:50:59.327 [info] > git status -z -uall [364ms]
2026-09-27 20:50:59.328 [info] > git for-each-ref --sort -committerdate --format %(refname)%00%(objectname)%00%(*objectname) [142ms]
2026-09-27 20:51:08.777 [info] [Git][getRemotes] No remotes found in the git config file
2026-09-27 20:51:08.785 [info] > git config --get commit.template [182ms]
2026-09-27 20:51:08.796 [info] > git for-each-ref --format=%(refname)%00%(upstream:short)%00%(objectname)%00%(upstream:track)%00%(upstream:remotename)%00%(upstream:remoteref) refs/heads/main refs/remotes/main [19ms]
2026-09-27 20:51:08.798 [warning] [Git][getBranch] No such branch: main
2026-09-27 20:51:09.114 [info] > git status -z -uall [197ms]
2026-09-27 20:51:09.188 [info] > git for-each-ref --sort -committerdate --format %(refname)%00%(objectname)%00%(*objectname) [95ms]
2026-09-27 20:51:21.238 [info] > git config --get commit.template [19ms]
2026-09-27 20:51:21.388 [info] [Git][getRemotes] No remotes found in the git config file
2026-09-27 20:51:21.412 [info] > git for-each-ref --format=%(refname)%00%(upstream:short)%00%(objectname)%00%(upstream:track)%00%(upstream:remotename)%00%(upstream:remoteref) refs/heads/main refs/remotes/main [25ms]
2026-09-27 20:51:21.413 [warning] [Git][getBranch] No such branch: main
2026-09-27 20:51:21.846 [info] > git status -z -uall [270ms]
2026-09-27 20:51:21.846 [info] > git for-each-ref --sort -committerdate --format %(refname)%00%(objectname)%00%(*objectname) [29ms]
2026-09-27 20:51:30.682 [info] [Git][getRemotes] No remotes found in the git config file
2026-09-27 20:51:30.701 [info] > git for-each-ref --format=%(refname)%00%(upstream:short)%00%(objectname)%00%(upstream:track)%00%(upstream:remotename)%00%(upstream:remoteref) refs/heads/main refs/remotes/main [22ms]
2026-09-27 20:51:30.704 [warning] [Git][getBranch] No such branch: main
2026-09-27 20:51:30.709 [info] > git config --get commit.template [233ms]
2026-09-27 20:51:31.309 [info] > git status -z -uall [412ms]
2026-09-27 20:51:31.310 [info] > git for-each-ref --sort -committerdate --format %(refname)%00%(objectname)%00%(*objectname) [67ms]
2026-09-27 20:51:43.729 [info] > git config --get commit.template [112ms]
2026-09-27 20:51:43.762 [info] [Git][getRemotes] No remotes found in the git config file
2026-09-27 20:51:43.975 [info] > git for-each-ref --format=%(refname)%00%(upstream:short)%00%(objectname)%00%(upstream:track)%00%(upstream:remotename)%00%(upstream:remoteref) refs/heads/main refs/remotes/main [47ms]
2026-09-27 20:51:43.976 [warning] [Git][getBranch] No such branch: main
2026-09-27 20:51:44.680 [info] > git status -z -uall [532ms]
2026-09-27 20:51:44.683 [info] > git for-each-ref --sort -committerdate --format %(refname)%00%(objectname)%00%(*objectname) [183ms]
2026-09-27 20:52:28.142 [info] > git add -A -- . [246ms]
2026-09-27 20:52:28.142 [info] fatal: Unable to create '/home/muhammed-amazil/code/jarvismark40/.git/index.lock': File exists.

Another git process seems to be running in this repository, e.g.
an editor opened by 'git commit'. Please make sure all processes
are terminated then try again. If it still fails, a git process
may have crashed in this repository earlier:
remove the file manually to continue.
2026-09-27 20:52:36.053 [info] > git add -A -- . [2845ms]
2026-09-27 20:52:36.057 [info] fatal: Unable to create '/home/muhammed-amazil/code/jarvismark40/.git/index.lock': File exists.

Another git process seems to be running in this repository, e.g.
an editor opened by 'git commit'. Please make sure all processes
are terminated then try again. If it still fails, a git process
may have crashed in this repository earlier:
remove the file manually to continue.
2026-09-27 20:52:40.809 [info] > git check-ignore -v -z --stdin [569ms]
2026-09-27 20:52:41.426 [info] > git add -A -- . [2160ms]
2026-09-27 20:52:41.426 [info] fatal: Unable to create '/home/muhammed-amazil/code/jarvismark40/.git/index.lock': File exists.

Another git process seems to be running in this repository, e.g.
an editor opened by 'git commit'. Please make sure all processes
are terminated then try again. If it still fails, a git process
may have crashed in this repository earlier:
remove the file manually to continue.
2026-09-27 20:52:41.967 [info] > git check-ignore -v -z --stdin [318ms]
2026-09-27 20:52:42.192 [info] > git add -A -- . [73ms]
2026-09-27 20:52:42.192 [info] fatal: Unable to create '/home/muhammed-amazil/code/jarvismark40/.git/index.lock': File exists.

Another git process seems to be running in this repository, e.g.
an editor opened by 'git commit'. Please make sure all processes
are terminated then try again. If it still fails, a git process
may have crashed in this repository earlier:
remove the file manually to continue.
2026-09-27 20:52:43.656 [info] > git check-ignore -v -z --stdin [176ms]
2026-09-27 20:52:43.671 [info] > git add -A -- . [407ms]
2026-09-27 20:52:43.672 [info] fatal: Unable to create '/home/muhammed-amazil/code/jarvismark40/.git/index.lock': File exists.

Another git process seems to be running in this repository, e.g.
an editor opened by 'git commit'. Please make sure all processes
are terminated then try again. If it still fails, a git process
may have crashed in this repository earlier:
remove the file manually to continue.
2026-09-27 20:52:44.363 [info] > git check-ignore -v -z --stdin [26ms]
2026-09-27 20:52:45.808 [info] > git add -A -- . [117ms]
2026-09-27 20:52:45.808 [info] fatal: Unable to create '/home/muhammed-amazil/code/jarvismark40/.git/index.lock': File exists.

Another git process seems to be running in this repository, e.g.
an editor opened by 'git commit'. Please make sure all processes
are terminated then try again. If it still fails, a git process
may have crashed in this repository earlier:
remove the file manually to continue.
2026-09-27 20:53:02.660 [info] > git add -A -- . [11665ms]
2026-09-27 20:53:02.660 [info] fatal: Unable to create '/home/muhammed-amazil/code/jarvismark40/.git/index.lock': File exists.

Another git process seems to be running in this repository, e.g.
an editor opened by 'git commit'. Please make sure all processes
are terminated then try again. If it still fails, a git process
may have crashed in this repository earlier:
remove the file manually to continue.
2026-09-27 20:53:02.661 [info] > git add -A -- . [61673ms]
2026-09-27 20:53:03.665 [info] > git -c user.useConfigOnly=true commit --quiet --allow-empty-message --file - [831ms]
2026-09-27 20:53:03.666 [info] Author identity unknown

*** Please tell me who you are.

Run

  git config --global user.email "you@example.com"
  git config --global user.name "Your Name"

to set your account's default identity.
Omit --global to set the identity only in this repository.

fatal: no email was given and auto-detection is disabled
2026-09-27 20:53:04.168 [info] > git config --get-all user.name [346ms]
2026-09-27 20:53:04.619 [info] > git check-ignore -v -z --stdin [271ms]
2026-09-27 20:53:04.662 [info] > git config --get commit.template [124ms]
2026-09-27 20:53:05.129 [info] [Git][getRemotes] No remotes found in the git config file
2026-09-27 20:53:05.516 [info] > git for-each-ref --format=%(refname)%00%(upstream:short)%00%(objectname)%00%(upstream:track)%00%(upstream:remotename)%00%(upstream:remoteref) refs/heads/main refs/remotes/main [400ms]
2026-09-27 20:53:05.517 [warning] [Git][getBranch] No such branch: main
2026-09-27 20:53:06.593 [info] > git status -z -uall [783ms]
2026-09-27 20:53:06.597 [info] > git for-each-ref --sort -committerdate --format %(refname)%00%(objectname)%00%(*objectname) [326ms]
2026-09-27 20:53:07.072 [info] > git add -A -- . [1623ms]
2026-09-27 20:53:10.518 [info] > git check-ignore -v -z --stdin [3982ms]
2026-09-27 20:53:10.542 [info] > git -c user.useConfigOnly=true commit --quiet --allow-empty-message --file - [3313ms]
2026-09-27 20:53:10.543 [info] Author identity unknown

*** Please tell me who you are.

Run

  git config --global mhammedamazil@gmail.com "you@example.com"
  git config --global user.name "Your Name"

to set your account's default identity.
Omit --global to set the identity only in this repository.

fatal: no email was given and auto-detection is disabled
2026-09-27 20:53:10.877 [info] > git config --get-all mhammedamazil-hub [196ms]
2026-09-27 20:53:10.905 [info] > git config --get commit.template [414ms]
2026-09-27 20:53:11.237 [info] [Git][getRemotes] No remotes found in the git config file
2026-09-27 20:53:11.246 [info] > git config --get commit.template [200ms]
2026-09-27 20:53:11.392 [info] [Git][getRemotes] No remotes found in the git config file
2026-09-27 20:53:11.415 [info] > git for-each-ref --format=%(refname)%00%(upstream:short)%00%(objectname)%00%(upstream:track)%00%(upstream:remotename)%00%(upstream:remoteref) refs/heads/main refs/remotes/main [180ms]
2026-09-27 20:53:11.419 [warning] [Git][getBranch] No such branch: main
2026-09-27 20:53:11.442 [info] > git for-each-ref --format=%(refname)%00%(upstream:short)%00%(objectname)%00%(upstream:track)%00%(upstream:remotename)%00%(upstream:remoteref) refs/heads/main refs/remotes/main [52ms]
2026-09-27 20:53:11.443 [warning] [Git][getBranch] No such branch: main
2026-09-27 20:53:12.653 [info] > git status -z -uall [1100ms]
2026-09-27 20:53:12.654 [info] > git for-each-ref --sort -committerdate --format %(refname)%00%(objectname)%00%(*objectname) [41ms]
2026-09-27 20:53:19.081 [info] > git config --get commit.template [526ms]
2026-09-27 20:53:19.520 [info] [Git][getRemotes] No remotes found in the git config file
2026-09-27 20:53:19.541 [info] > git check-ignore -v -z --stdin [312ms]
2026-09-27 20:53:19.786 [info] > git for-each-ref --format=%(refname)%00%(upstream:short)%00%(objectname)%00%(upstream:track)%00%(upstream:remotename)%00%(upstream:remoteref) refs/heads/main refs/remotes/main [271ms]
2026-09-27 20:53:19.786 [warning] [Git][getBranch] No such branch: main
2026-09-27 20:53:20.214 [info] > git check-ignore -v -z --stdin [485ms]
2026-09-27 20:53:20.222 [info] > git status -z -uall [274ms]
2026-09-27 20:53:20.229 [info] > git for-each-ref --sort -committerdate --format %(refname)%00%(objectname)%00%(*objectname) [68ms]
2026-09-27 20:53:24.978 [info] > git show --textconv :.txt [924ms]
2026-09-27 20:53:24.985 [info] > git show --textconv HEAD:.txt [796ms]
2026-09-27 20:53:24.990 [info] > git ls-tree -l HEAD -- .txt [401ms]
2026-09-27 20:53:24.991 [info] fatal: Not a valid object name HEAD
2026-09-27 20:53:25.142 [info] > git ls-files --stage -- .txt [745ms]
2026-09-27 20:53:25.652 [info] > git hash-object -t tree /dev/null [131ms]
2026-09-27 20:53:25.654 [warning] [GitFileSystemProvider][readFile] File not found - git:/home/muhammed-amazil/code/jarvismark40/.txt.git?%7B%22path%22%3A%22%2Fhome%2Fmuhammed-amazil%2Fcode%2Fjarvismark40%2F.txt%22%2C%22ref%22%3A%22HEAD%22%7D
2026-09-27 20:53:25.661 [info] > git cat-file -s 7687770f117949a1700dc019d99569ca2f47f6d7 [321ms]
2026-09-27 20:53:25.671 [info] > git hash-object -t tree /dev/null [536ms]
2026-09-27 20:53:25.677 [warning] [GitFileSystemProvider][stat] File not found - git:/home/muhammed-amazil/code/jarvismark40/.txt.git?%7B%22path%22%3A%22%2Fhome%2Fmuhammed-amazil%2Fcode%2Fjarvismark40%2F.txt%22%2C%22ref%22%3A%22HEAD%22%7D
2026-09-27 20:53:39.186 [info] > git check-ignore -v -z --stdin [135ms]
2026-09-27 20:54:15.018 [info] > git check-ignore -v -z --stdin [14ms]
2026-09-27 20:54:17.198 [info] > git -c user.useConfigOnly=true commit --quiet --allow-empty-message --file - [181ms]
2026-09-27 20:54:17.216 [info] Author identity unknown

*** Please tell me who you are.

Run

  git config --global mhammedamazil@gmail.com "you@example.com"
  git config --global user.name "Your Name"

to set your account's default identity.
Omit --global to set the identity only in this repository.

fatal: no email was given and auto-detection is disabled
2026-09-27 20:54:17.341 [info] > git config --get-all mhammedamazil-hub [17ms]
2026-09-27 20:54:17.592 [info] [Git][getRemotes] No remotes found in the git config file
2026-09-27 20:54:17.629 [info] > git config --get commit.template [161ms]
2026-09-27 20:54:17.637 [info] > git for-each-ref --format=%(refname)%00%(upstream:short)%00%(objectname)%00%(upstream:track)%00%(upstream:remotename)%00%(upstream:remoteref) refs/heads/main refs/remotes/main [46ms]
2026-09-27 20:54:17.639 [warning] [Git][getBranch] No such branch: main
2026-09-27 20:54:17.946 [info] > git status -z -uall [213ms]
2026-09-27 20:54:18.006 [info] > git for-each-ref --sort -committerdate --format %(refname)%00%(objectname)%00%(*objectname) [76ms]
2026-09-27 20:54:24.019 [info] > git check-ignore -v -z --stdin [62ms]
2026-09-27 20:55:28.176 [info] [Git][getRemotes] No remotes found in the git config file
2026-09-27 20:55:28.202 [info] > git config --get commit.template [206ms]
2026-09-27 20:55:28.208 [info] > git for-each-ref --format=%(refname)%00%(upstream:short)%00%(objectname)%00%(upstream:track)%00%(upstream:remotename)%00%(upstream:remoteref) refs/heads/main refs/remotes/main [54ms]
2026-09-27 20:55:28.210 [warning] [Git][getBranch] No such branch: main
2026-09-27 20:55:28.596 [info] > git status -z -uall [262ms]
2026-09-27 20:55:28.598 [info] > git for-each-ref --sort -committerdate --format %(refname)%00%(objectname)%00%(*objectname) [55ms]
2026-09-27 20:55:40.827 [info] > git -c user.useConfigOnly=true commit --quiet --allow-empty-message --file - [363ms]
2026-09-27 20:55:40.829 [info] Author identity unknown

*** Please tell me who you are.

Run

  git config --global user.email "you@example.com"
  git config --global user.name "Your Name"

to set your account's default identity.
Omit --global to set the identity only in this repository.

fatal: no email was given and auto-detection is disabled
2026-09-27 20:55:41.919 [info] > git config --get-all user.name [906ms]
2026-09-27 20:55:41.926 [info] > git -c user.useConfigOnly=true commit --quiet --allow-empty-message --file - [1106ms]
2026-09-27 20:55:41.926 [info] Author identity unknown

*** Please tell me who you are.

Run

  git config --global user.email "you@example.com"
  git config --global user.name "Your Name"

to set your account's default identity.
Omit --global to set the identity only in this repository.

fatal: no email was given and auto-detection is disabled
2026-09-27 20:55:42.912 [info] > git config --get-all user.name [846ms]
2026-09-27 20:55:43.114 [info] > git check-ignore -v -z --stdin [216ms]
2026-09-27 20:55:43.123 [info] > git config --get commit.template [378ms]
2026-09-27 20:55:43.298 [info] > git config --get commit.template [216ms]
2026-09-27 20:55:43.452 [info] [Git][getRemotes] No remotes found in the git config file
2026-09-27 20:55:43.657 [info] [Git][getRemotes] No remotes found in the git config file
2026-09-27 20:55:43.675 [info] > git for-each-ref --format=%(refname)%00%(upstream:short)%00%(objectname)%00%(upstream:track)%00%(upstream:remotename)%00%(upstream:remoteref) refs/heads/main refs/remotes/main [235ms]
2026-09-27 20:55:43.677 [warning] [Git][getBranch] No such branch: main
2026-09-27 20:55:43.722 [info] > git ls-files --stage -- .txt [442ms]
2026-09-27 20:55:43.925 [info] > git cat-file -s 7687770f117949a1700dc019d99569ca2f47f6d7 [55ms]
2026-09-27 20:55:43.935 [info] > git for-each-ref --format=%(refname)%00%(upstream:short)%00%(objectname)%00%(upstream:track)%00%(upstream:remotename)%00%(upstream:remoteref) refs/heads/main refs/remotes/main [290ms]
2026-09-27 20:55:43.936 [warning] [Git][getBranch] No such branch: main
2026-09-27 20:55:44.331 [info] > git status -z -uall [255ms]
2026-09-27 20:55:44.334 [info] > git for-each-ref --sort -committerdate --format %(refname)%00%(objectname)%00%(*objectname) [81ms]
2026-09-27 20:55:47.039 [info] > git show --textconv :.txt [47ms]
2026-09-27 20:55:47.450 [info] > git check-ignore -v -z --stdin [42ms]
